<?xml version="1.0" encoding="UTF-8"?>
<testsuites name="Mocha Tests" time="1.610" tests="1" failures="0">
  <testsuite name="Root Suite" timestamp="2022-12-15T13:53:37" tests="0" file="cypress\e2e\spec.cy.js" time="0.000" failures="0">
  </testsuite>
  <testsuite name="calculatrice" timestamp="2022-12-15T13:53:37" tests="1" time="1.601" failures="0">
    <testcase name="calculatrice should add two values" time="0.458" classname="should add two values">
    </testcase>
  </testsuite>
</testsuites>